inverted comma porblem in title in mysql